// Jest Snapshot v1, https://goo.gl/fbAQLP

exports[`SearchBox snapshot 1`] = `
<div
  className="textBoxContainer"
  style={
    Object {
      "width": undefined,
    }
  }
>
  <input
    className="customTextbox"
    data-testid="inputText"
    id="inputText"
    onBlur={[Function]}
    onChange={[Function]}
    required={true}
  />
  <label
    className="lbl"
    name="placeholder_label"
    onClick={[Function]}
  />
  <label
    className="err"
    data-testid="inputError"
    id="inputError"
  >
    
  </label>
</div>
`;
